// Jest Snapshot v1, https://goo.gl/fbAQLP

exports[`arrows.js 1`] = `
g = x =>
  x * square(x);

() => {}

() => ({})

() => {a: 3}

() =>
  {
    b: 3
  }

bare = () => {;}
~~~~~~~~~~~~~~~~~~~~~~~~~~~~~~~~~~~~~~~~~~~~~~~~~~~~~~~~~~~~~~~~~~~~~~~~~~~~~~~~
const g = x => {
  x * square(x);
};

() => ({});

() => ({});

() => ({a: 3});

() => ({
  b: 3
});

const bare = () => {};

`;

exports[`classes.js 1`] = `
class X extends B
  other()
    da()

bla = 5
~~~~~~~~~~~~~~~~~~~~~~~~~~~~~~~~~~~~~~~~~~~~~~~~~~~~~~~~~~~~~~~~~~~~~~~~~~~~~~~~
class X extends B {
  other() {
    da();
  }
}

const bla = 5;

`;

exports[`declarations.js 1`] = `
let x := 3
~~~~~~~~~~~~~~~~~~~~~~~~~~~~~~~~~~~~~~~~~~~~~~~~~~~~~~~~~~~~~~~~~~~~~~~~~~~~~~~~
let x = 3;

`;

exports[`destructure.js 1`] = `
const {x} = y
~~~~~~~~~~~~~~~~~~~~~~~~~~~~~~~~~~~~~~~~~~~~~~~~~~~~~~~~~~~~~~~~~~~~~~~~~~~~~~~~
const {x} = y;

`;

exports[`labels.js 1`] = `
;loop: for (;;)
  break

loop: X = 42;

b:
  | A
  | B = 1;
~~~~~~~~~~~~~~~~~~~~~~~~~~~~~~~~~~~~~~~~~~~~~~~~~~~~~~~~~~~~~~~~~~~~~~~~~~~~~~~~
loop: for (;;) {
  break;
}

const loop: X = 42;

const b: A | B = 1;

`;

exports[`objects.js 1`] = `
math = {
  root: Math.sqrt
  square: square
  cube: x =>
    x * sque(x);
}
~~~~~~~~~~~~~~~~~~~~~~~~~~~~~~~~~~~~~~~~~~~~~~~~~~~~~~~~~~~~~~~~~~~~~~~~~~~~~~~~
const math = {
  root: Math.sqrt,
  square: square,
  cube: x => {
    x * sque(x);
  }
};

`;
