// Jest Snapshot v1, https://goo.gl/fbAQLP

exports[`arrows.js 1`] = `
const f = x => {
  x * square(x);
}

const g = x =>
  x * square(x);

const h = () => {}
~~~~~~~~~~~~~~~~~~~~~~~~~~~~~~~~~~~~~~~~~~~~~~~~~~~~~~~~~~~~~~~~~~~~~~~~~~~~~~~~
const f = x => {
  x * square(x);
};

const g = x => {
  x * square(x);
};

const h = () => {};

`;

exports[`conditions.js 1`] = `

if aouhasduosahdouasdhsaoudhsaduosahdousahdsaoudhsaoduh &&
    asdhousadhsaoudhsoaudhsaoudh
  f()
else if aouhasduosahdouasdhsaoudhsaduosahdousahdsaoudhsaoduh &&
    asdhousadhsaoudhsoaudhsaoudh
  g()

if f(
      aouhasduosahdouasdhsaoudhsaduosahdousahdsaoudhsaoduh &&
        asdhousadhsaoudhsoaudhsaoudh
    )
  f()
~~~~~~~~~~~~~~~~~~~~~~~~~~~~~~~~~~~~~~~~~~~~~~~~~~~~~~~~~~~~~~~~~~~~~~~~~~~~~~~~
if (
  aouhasduosahdouasdhsaoudhsaduosahdousahdsaoudhsaoduh &&
  asdhousadhsaoudhsoaudhsaoudh
) {
  f();
} else if (
  aouhasduosahdouasdhsaoudhsaduosahdousahdsaoudhsaoduh &&
  asdhousadhsaoudhsoaudhsaoudh
) {
  g();
}

if (
  f(
    aouhasduosahdouasdhsaoudhsaduosahdousahdsaoudhsaoduh &&
      asdhousadhsaoudhsoaudhsaoudh
  )
) {
  f();
}

`;

exports[`declarations.js 1`] = `
const x = 3;
let n = 0;
n = 1;
~~~~~~~~~~~~~~~~~~~~~~~~~~~~~~~~~~~~~~~~~~~~~~~~~~~~~~~~~~~~~~~~~~~~~~~~~~~~~~~~
const x = 3;
let n = 0;
n = 1;

`;
